v2.0 raw
2001 2102 2203 2304 2405 2506 2607 2708 9000 9101 9202 9303 9404 9505 9606 9707 90f8 91f9 92fa 93fb 94fc 95fd 96fe 97ff 9807 9906 9a05 9b04 9c03 9d02 9e01 9f00 98f8 99f9 9afa 9bfb 9cfc 9dfd 9efe 9fff defd
