v2.0 raw
2004 2103 180a 2366 2496 18e5 2600 43f6 27ff 19b8 21ff 43c9 2200 43d2 1853 2496 1925 267c 19b6 defd
