v2.0 raw
2001 2180 4101 2201 23ff 43db 4113 2407 2580 4125 2607 27aa 43ff 4137 2008 21cc 4101 2208 23cc 43db 4113 2418 25c3 4125 2618 27c3 43ff 4137 201f 21ff 4101 221f 23ff 43db 4113 2420 25ff 4125 2620 27ff 43ff 4137 defd
