v2.0 raw
2000 2100 4001 2200 23ff 4013 24ff 2500 4025 26ff 27ff 4037 20aa 4000 defd
