v2.0 raw
2080 1041 22ff 43d2 1053 2480 11e5 26aa 43f6 11f7 20cc 1201 22cc 43d2 1213 24c3 1625 26c3 43f6 1637 20ff 17c0 21ff 43c9 17c9 defd
