v2.0 raw
2005 2107 1a0a 23ff 24a0 1ae5 2678 27ff 43ff 1bb8 210f 43c9 2296 1a53 2458 43e4 2540 43ed 1b2e 27cb 1bf8 214d 1a49 defd
