v2.0 raw
2091 2136 4201 2200 43d2 23aa 4213 24de 43e4 2500 43ed 4225 260a 4236 defd
