v2.0 raw
2000 2101 2202 2303 2404 2505 2606 2707 20f8 21f9 22fa 23fb 24fc 25fd 26fe 27ff defd
