v2.0 raw
2001 2102 2203 2304 2405 2506 2607 2708 b080 9000 b081 9000 b0ff 9000 9101 9202 9303 9404 9505 9606 9707 defd
