v2.0 raw
2000 43c1 22ff 43d3 240f 43e5 26f0 43f7 20aa 43c0 defd
