v2.0 raw
2001 2102 2203 2304 2405 2506 2607 2708 9000 9101 9202 9303 9404 9505 9606 9707 90f8 91f9 92fa 93fb 94fc 95fd 96fe 97ff defd
