v2.0 raw
2000 2100 4301 2200 23ff 4313 24ff 2500 4325 26ff 27ff 4337 20aa 4300 defd
