v2.0 raw
2001 21aa 43c9 40c1 2207 23aa 43db 40d3 2408 2500 43ed 40e5 2618 27cc 43ff 40f7 201f 21ff 43c9 40c1 2220 23ff 43db 40d3 2481 40e4 defd
