v2.0 raw
2091 21f7 4181 22ff 23a0 4193 2455 257f 41a5 260f 43f6 2796 41b7 2058 43c0 2140 43c9 4181 22cb 4192 defd
