v2.0 raw
2008 1c01 2205 1c53 24ff 1ca5 267c 43f6 1cf7 2044 1dc1 2280 1d53 defd
