v2.0 raw
207e 2196 42c1 22a9 43d2 233d 42d3 242c 43e4 25c5 43ed 42e5 2658 2757 43ff 42f7 20ff 42c0 defd
