v2.0 raw
2001 4241 2295 4253 24c8 4265 426e 2757 427f defd
