v2.0 raw
2001 21aa 43c9 41c1 2207 23aa 43db 41d3 2408 25aa 43ed 41e5 2618 27cc 43ff 41f7 201f 21ff 43c9 41c1 2220 23ff 43db 41d3 2481 41e4 defd
