v2.0 raw
20aa 2101 4281 2240 23bd 4293 2449 43e4 25fa 42a5 2618 43f6 27d1 43ff 42b7 200a 4280 defd
